---
source: src/cli/plugins/uninstall.rs
expression: stdout.content
---
uninstalling plugin: nodejs

