---
source: src/cli/latest.rs
expression: stdout.content
---
12.22.12

