---
source: src/cli/global.rs
expression: stdout.content
---
shfmt 2.6.4

