---
source: src/cli/deactivate.rs
expression: stdout.content
---
unset _rtx_hook;

