---
source: src/shorthand_repository.rs
expression: err
---
No plugin found for xxruby
